MPLINK 5.08, LINKER
Linker Map File - Created Mon Apr 22 08:42:44 2019

                                 Section Info
                  Section       Type    Address   Location Size(Bytes)
                ---------  ---------  ---------  ---------  ---------
                   .org_0       code   0x000000    program   0x000002
                   .cinit    romdata   0x000001    program   0x000004
                   .org_1       code   0x000004    program   0x0000ca
.config_2007_BUILD/DEFAULT/DEBUG/DHT11.O       code   0x002007    program   0x000002



                              Program Memory Usage 
                               Start         End      
                           ---------   ---------      
                            0x000000    0x000002      
                            0x000004    0x000068      
                            0x002007    0x002007      
            105 out of 2182 program addresses used, program memory utilization is 4%



                              Symbols - Sorted by Name
                     Name    Address   Location    Storage File                     
                ---------  ---------  ---------  --------- ---------                
                 DELAY18L   0x000057    program     static C:\Users\nieds\MPLABXProjects\AT2_AV3.X\dht11.asm
                DELAY18MS   0x000053    program     static C:\Users\nieds\MPLABXProjects\AT2_AV3.X\dht11.asm
                DELAY40US   0x00004d    program     static C:\Users\nieds\MPLABXProjects\AT2_AV3.X\dht11.asm
                    DHT40   0x00001a    program     static C:\Users\nieds\MPLABXProjects\AT2_AV3.X\dht11.asm
                   DHT40H   0x00002a    program     static C:\Users\nieds\MPLABXProjects\AT2_AV3.X\dht11.asm
                   DHT40L   0x000022    program     static C:\Users\nieds\MPLABXProjects\AT2_AV3.X\dht11.asm
                   DHT50H   0x000033    program     static C:\Users\nieds\MPLABXProjects\AT2_AV3.X\dht11.asm
                   DHT80H   0x000027    program     static C:\Users\nieds\MPLABXProjects\AT2_AV3.X\dht11.asm
                   DHT80L   0x00001f    program     static C:\Users\nieds\MPLABXProjects\AT2_AV3.X\dht11.asm
                DHTADDBIT   0x000048    program     static C:\Users\nieds\MPLABXProjects\AT2_AV3.X\dht11.asm
                  DHTDATA   0x00002f    program     static C:\Users\nieds\MPLABXProjects\AT2_AV3.X\dht11.asm
         DHTDATA_BYTELOOP   0x000031    program     static C:\Users\nieds\MPLABXProjects\AT2_AV3.X\dht11.asm
                    DHTDH   0x000038    program     static C:\Users\nieds\MPLABXProjects\AT2_AV3.X\dht11.asm
                   DHTDH1   0x000040    program     static C:\Users\nieds\MPLABXProjects\AT2_AV3.X\dht11.asm
                   DHTDHZ   0x00003a    program     static C:\Users\nieds\MPLABXProjects\AT2_AV3.X\dht11.asm
                 DHTERROR   0x00004b    program     static C:\Users\nieds\MPLABXProjects\AT2_AV3.X\dht11.asm
                   DHTONE   0x000047    program     static C:\Users\nieds\MPLABXProjects\AT2_AV3.X\dht11.asm
                  DHTZERO   0x000045    program     static C:\Users\nieds\MPLABXProjects\AT2_AV3.X\dht11.asm
                   DLY182   0x00005a    program     static C:\Users\nieds\MPLABXProjects\AT2_AV3.X\dht11.asm
                  DLY40US   0x00004f    program     static C:\Users\nieds\MPLABXProjects\AT2_AV3.X\dht11.asm
                   INICIO   0x00005c    program     static C:\Users\nieds\MPLABXProjects\AT2_AV3.X\dht11.asm
                     MAIN   0x000068    program     static C:\Users\nieds\MPLABXProjects\AT2_AV3.X\dht11.asm
             MODULO_DHT11   0x00000c    program     static C:\Users\nieds\MPLABXProjects\AT2_AV3.X\dht11.asm
                  SAI_INT   0x000007    program     static C:\Users\nieds\MPLABXProjects\AT2_AV3.X\dht11.asm



                              Symbols - Sorted by Address
                     Name    Address   Location    Storage File                     
                ---------  ---------  ---------  --------- ---------                
                  SAI_INT   0x000007    program     static C:\Users\nieds\MPLABXProjects\AT2_AV3.X\dht11.asm
             MODULO_DHT11   0x00000c    program     static C:\Users\nieds\MPLABXProjects\AT2_AV3.X\dht11.asm
                    DHT40   0x00001a    program     static C:\Users\nieds\MPLABXProjects\AT2_AV3.X\dht11.asm
                   DHT80L   0x00001f    program     static C:\Users\nieds\MPLABXProjects\AT2_AV3.X\dht11.asm
                   DHT40L   0x000022    program     static C:\Users\nieds\MPLABXProjects\AT2_AV3.X\dht11.asm
                   DHT80H   0x000027    program     static C:\Users\nieds\MPLABXProjects\AT2_AV3.X\dht11.asm
                   DHT40H   0x00002a    program     static C:\Users\nieds\MPLABXProjects\AT2_AV3.X\dht11.asm
                  DHTDATA   0x00002f    program     static C:\Users\nieds\MPLABXProjects\AT2_AV3.X\dht11.asm
         DHTDATA_BYTELOOP   0x000031    program     static C:\Users\nieds\MPLABXProjects\AT2_AV3.X\dht11.asm
                   DHT50H   0x000033    program     static C:\Users\nieds\MPLABXProjects\AT2_AV3.X\dht11.asm
                    DHTDH   0x000038    program     static C:\Users\nieds\MPLABXProjects\AT2_AV3.X\dht11.asm
                   DHTDHZ   0x00003a    program     static C:\Users\nieds\MPLABXProjects\AT2_AV3.X\dht11.asm
                   DHTDH1   0x000040    program     static C:\Users\nieds\MPLABXProjects\AT2_AV3.X\dht11.asm
                  DHTZERO   0x000045    program     static C:\Users\nieds\MPLABXProjects\AT2_AV3.X\dht11.asm
                   DHTONE   0x000047    program     static C:\Users\nieds\MPLABXProjects\AT2_AV3.X\dht11.asm
                DHTADDBIT   0x000048    program     static C:\Users\nieds\MPLABXProjects\AT2_AV3.X\dht11.asm
                 DHTERROR   0x00004b    program     static C:\Users\nieds\MPLABXProjects\AT2_AV3.X\dht11.asm
                DELAY40US   0x00004d    program     static C:\Users\nieds\MPLABXProjects\AT2_AV3.X\dht11.asm
                  DLY40US   0x00004f    program     static C:\Users\nieds\MPLABXProjects\AT2_AV3.X\dht11.asm
                DELAY18MS   0x000053    program     static C:\Users\nieds\MPLABXProjects\AT2_AV3.X\dht11.asm
                 DELAY18L   0x000057    program     static C:\Users\nieds\MPLABXProjects\AT2_AV3.X\dht11.asm
                   DLY182   0x00005a    program     static C:\Users\nieds\MPLABXProjects\AT2_AV3.X\dht11.asm
                   INICIO   0x00005c    program     static C:\Users\nieds\MPLABXProjects\AT2_AV3.X\dht11.asm
                     MAIN   0x000068    program     static C:\Users\nieds\MPLABXProjects\AT2_AV3.X\dht11.asm


