MPLINK 5.08, LINKER
Linker Map File - Created Fri Mar 29 12:36:07 2019

                                 Section Info
                  Section       Type    Address   Location Size(Bytes)
                ---------  ---------  ---------  ---------  ---------
                   .org_0       code   0x000000    program   0x000000
                   .org_1       code   0x000000    program   0x000002
                   .org_2       code   0x000004    program   0x000114
 .config_2007_CONVERSOR.O       code   0x002007    program   0x000002



                              Program Memory Usage 
                               Start         End      
                           ---------   ---------      
                            0x000000    0x000000      
                            0x000004    0x00008d      
                            0x002007    0x002007      
            140 out of 1158 program addresses used, program memory utilization is 12%



                              Symbols - Sorted by Name
                     Name    Address   Location    Storage File                     
                ---------  ---------  ---------  --------- ---------                
                      ACK   0x000044    program     static C:\Users\nieds\MPLABXProjects\Projeto2.X\conversor.ASM
              DELAY_100US   0x00002f    program     static C:\Users\nieds\MPLABXProjects\Projeto2.X\conversor.ASM
                   INICIO   0x000057    program     static C:\Users\nieds\MPLABXProjects\Projeto2.X\conversor.ASM
                     MAIN   0x000069    program     static C:\Users\nieds\MPLABXProjects\Projeto2.X\conversor.ASM
               MAIN_INNER   0x000075    program     static C:\Users\nieds\MPLABXProjects\Projeto2.X\conversor.ASM
                     MEAN   0x000014    program     static C:\Users\nieds\MPLABXProjects\Projeto2.X\conversor.ASM
               MEAN_INNER   0x00001a    program     static C:\Users\nieds\MPLABXProjects\Projeto2.X\conversor.ASM
                   R_LOOP   0x000039    program     static C:\Users\nieds\MPLABXProjects\Projeto2.X\conversor.ASM
                  SAI_INT   0x00000f    program     static C:\Users\nieds\MPLABXProjects\Projeto2.X\conversor.ASM
                SEND_BYTE   0x000036    program     static C:\Users\nieds\MPLABXProjects\Projeto2.X\conversor.ASM
                START_BIT   0x000081    program     static C:\Users\nieds\MPLABXProjects\Projeto2.X\conversor.ASM



                              Symbols - Sorted by Address
                     Name    Address   Location    Storage File                     
                ---------  ---------  ---------  --------- ---------                
                  SAI_INT   0x00000f    program     static C:\Users\nieds\MPLABXProjects\Projeto2.X\conversor.ASM
                     MEAN   0x000014    program     static C:\Users\nieds\MPLABXProjects\Projeto2.X\conversor.ASM
               MEAN_INNER   0x00001a    program     static C:\Users\nieds\MPLABXProjects\Projeto2.X\conversor.ASM
              DELAY_100US   0x00002f    program     static C:\Users\nieds\MPLABXProjects\Projeto2.X\conversor.ASM
                SEND_BYTE   0x000036    program     static C:\Users\nieds\MPLABXProjects\Projeto2.X\conversor.ASM
                   R_LOOP   0x000039    program     static C:\Users\nieds\MPLABXProjects\Projeto2.X\conversor.ASM
                      ACK   0x000044    program     static C:\Users\nieds\MPLABXProjects\Projeto2.X\conversor.ASM
                   INICIO   0x000057    program     static C:\Users\nieds\MPLABXProjects\Projeto2.X\conversor.ASM
                     MAIN   0x000069    program     static C:\Users\nieds\MPLABXProjects\Projeto2.X\conversor.ASM
               MAIN_INNER   0x000075    program     static C:\Users\nieds\MPLABXProjects\Projeto2.X\conversor.ASM
                START_BIT   0x000081    program     static C:\Users\nieds\MPLABXProjects\Projeto2.X\conversor.ASM


