MPLINK 5.08, LINKER
Linker Map File - Created Fri Apr 12 13:16:21 2019

                                 Section Info
                  Section       Type    Address   Location Size(Bytes)
                ---------  ---------  ---------  ---------  ---------
                   .org_0       code   0x000000    program   0x000002
                   .cinit    romdata   0x000001    program   0x000004
                   .org_1       code   0x000004    program   0x0000c8
.config_2007_BUILD/DEFAULT/DEBUG/FIRST.O       code   0x002007    program   0x000002



                              Program Memory Usage 
                               Start         End      
                           ---------   ---------      
                            0x000000    0x000002      
                            0x000004    0x000067      
                            0x002007    0x002007      
            104 out of 1158 program addresses used, program memory utilization is 8%



                              Symbols - Sorted by Name
                     Name    Address   Location    Storage File                     
                ---------  ---------  ---------  --------- ---------                
                 DELAY18L   0x000062    program     static C:\Users\nieds\MPLABXProjects\DHT11.X\First.ASM
                DELAY18MS   0x00005e    program     static C:\Users\nieds\MPLABXProjects\DHT11.X\First.ASM
                DELAY40US   0x000058    program     static C:\Users\nieds\MPLABXProjects\DHT11.X\First.ASM
                    DHT40   0x000025    program     static C:\Users\nieds\MPLABXProjects\DHT11.X\First.ASM
                   DHT40H   0x000035    program     static C:\Users\nieds\MPLABXProjects\DHT11.X\First.ASM
                   DHT40L   0x00002d    program     static C:\Users\nieds\MPLABXProjects\DHT11.X\First.ASM
                   DHT50H   0x00003e    program     static C:\Users\nieds\MPLABXProjects\DHT11.X\First.ASM
                   DHT80H   0x000032    program     static C:\Users\nieds\MPLABXProjects\DHT11.X\First.ASM
                   DHT80L   0x00002a    program     static C:\Users\nieds\MPLABXProjects\DHT11.X\First.ASM
                DHTADDBIT   0x000053    program     static C:\Users\nieds\MPLABXProjects\DHT11.X\First.ASM
                  DHTDATA   0x00003a    program     static C:\Users\nieds\MPLABXProjects\DHT11.X\First.ASM
         DHTDATA_BYTELOOP   0x00003c    program     static C:\Users\nieds\MPLABXProjects\DHT11.X\First.ASM
                    DHTDH   0x000043    program     static C:\Users\nieds\MPLABXProjects\DHT11.X\First.ASM
                   DHTDH1   0x00004b    program     static C:\Users\nieds\MPLABXProjects\DHT11.X\First.ASM
                   DHTDHZ   0x000045    program     static C:\Users\nieds\MPLABXProjects\DHT11.X\First.ASM
                 DHTERROR   0x000056    program     static C:\Users\nieds\MPLABXProjects\DHT11.X\First.ASM
                   DHTONE   0x000052    program     static C:\Users\nieds\MPLABXProjects\DHT11.X\First.ASM
                  DHTZERO   0x000050    program     static C:\Users\nieds\MPLABXProjects\DHT11.X\First.ASM
                   DLY182   0x000065    program     static C:\Users\nieds\MPLABXProjects\DHT11.X\First.ASM
                  DLY40US   0x00005a    program     static C:\Users\nieds\MPLABXProjects\DHT11.X\First.ASM
                   INICIO   0x00000c    program     static C:\Users\nieds\MPLABXProjects\DHT11.X\First.ASM
                     MAIN   0x000017    program     static C:\Users\nieds\MPLABXProjects\DHT11.X\First.ASM
             MODULO_DHT11   0x000017    program     static C:\Users\nieds\MPLABXProjects\DHT11.X\First.ASM
                  SAI_INT   0x000007    program     static C:\Users\nieds\MPLABXProjects\DHT11.X\First.ASM



                              Symbols - Sorted by Address
                     Name    Address   Location    Storage File                     
                ---------  ---------  ---------  --------- ---------                
                  SAI_INT   0x000007    program     static C:\Users\nieds\MPLABXProjects\DHT11.X\First.ASM
                   INICIO   0x00000c    program     static C:\Users\nieds\MPLABXProjects\DHT11.X\First.ASM
             MODULO_DHT11   0x000017    program     static C:\Users\nieds\MPLABXProjects\DHT11.X\First.ASM
                     MAIN   0x000017    program     static C:\Users\nieds\MPLABXProjects\DHT11.X\First.ASM
                    DHT40   0x000025    program     static C:\Users\nieds\MPLABXProjects\DHT11.X\First.ASM
                   DHT80L   0x00002a    program     static C:\Users\nieds\MPLABXProjects\DHT11.X\First.ASM
                   DHT40L   0x00002d    program     static C:\Users\nieds\MPLABXProjects\DHT11.X\First.ASM
                   DHT80H   0x000032    program     static C:\Users\nieds\MPLABXProjects\DHT11.X\First.ASM
                   DHT40H   0x000035    program     static C:\Users\nieds\MPLABXProjects\DHT11.X\First.ASM
                  DHTDATA   0x00003a    program     static C:\Users\nieds\MPLABXProjects\DHT11.X\First.ASM
         DHTDATA_BYTELOOP   0x00003c    program     static C:\Users\nieds\MPLABXProjects\DHT11.X\First.ASM
                   DHT50H   0x00003e    program     static C:\Users\nieds\MPLABXProjects\DHT11.X\First.ASM
                    DHTDH   0x000043    program     static C:\Users\nieds\MPLABXProjects\DHT11.X\First.ASM
                   DHTDHZ   0x000045    program     static C:\Users\nieds\MPLABXProjects\DHT11.X\First.ASM
                   DHTDH1   0x00004b    program     static C:\Users\nieds\MPLABXProjects\DHT11.X\First.ASM
                  DHTZERO   0x000050    program     static C:\Users\nieds\MPLABXProjects\DHT11.X\First.ASM
                   DHTONE   0x000052    program     static C:\Users\nieds\MPLABXProjects\DHT11.X\First.ASM
                DHTADDBIT   0x000053    program     static C:\Users\nieds\MPLABXProjects\DHT11.X\First.ASM
                 DHTERROR   0x000056    program     static C:\Users\nieds\MPLABXProjects\DHT11.X\First.ASM
                DELAY40US   0x000058    program     static C:\Users\nieds\MPLABXProjects\DHT11.X\First.ASM
                  DLY40US   0x00005a    program     static C:\Users\nieds\MPLABXProjects\DHT11.X\First.ASM
                DELAY18MS   0x00005e    program     static C:\Users\nieds\MPLABXProjects\DHT11.X\First.ASM
                 DELAY18L   0x000062    program     static C:\Users\nieds\MPLABXProjects\DHT11.X\First.ASM
                   DLY182   0x000065    program     static C:\Users\nieds\MPLABXProjects\DHT11.X\First.ASM


